Last login: Mon Sep 18 14:25:43 on ttys000
Erikpreets-MacBook-Pro:~ xb$ echo "# Taylor-Bday" >> README.md
Erikpreets-MacBook-Pro:~ xb$ git init
Initialized empty Git repository in /Users/xb/.git/
Erikpreets-MacBook-Pro:~ xb$ git add README.md
Erikpreets-MacBook-Pro:~ xb$ git commit -m "first commit"
[master (root-commit) a3c4900] first commit
 1 file changed, 1 insertion(+)
 create mode 100644 README.md
Erikpreets-MacBook-Pro:~ xb$ git remote add origin https://github.com/erikpreet/Taylor-Bday.git
Erikpreets-MacBook-Pro:~ xb$ git push -u origin master
Counting objects: 3, done.
Writing objects: 100% (3/3), 228 bytes | 0 bytes/s, done.
Total 3 (delta 0), reused 0 (delta 0)
To https://github.com/erikpreet/Taylor-Bday.git
 * [new branch]      master -> master
Branch master set up to track remote branch master from origin.
Erikpreets-MacBook-Pro:~ xb$ cd Taylor HTML
-bash: cd: Taylor: No such file or directory
Erikpreets-MacBook-Pro:~ xb$ cd xb/Taylor HTML
-bash: cd: xb/Taylor: No such file or directory
Erikpreets-MacBook-Pro:~ xb$ cd user/xb/Taylor HTML
-bash: cd: user/xb/Taylor: No such file or directory
Erikpreets-MacBook-Pro:~ xb$ mkdir -p Taylor HTML
Erikpreets-MacBook-Pro:~ xb$ cd Taylor HTML
Erikpreets-MacBook-Pro:Taylor xb$ git remote add origin https://github.com/erikpreet/Taylor-Bday.git
fatal: remote origin already exists.
Erikpreets-MacBook-Pro:Taylor xb$ git push -u origin master
Branch master set up to track remote branch master from origin.
Everything up-to-date
Erikpreets-MacBook-Pro:Taylor xb$ 
Erikpreets-MacBook-Pro:Taylor xb$ git status
On branch master
Your branch is up-to-date with 'origin/master'.
Untracked files:
  (use "git add <file>..." to include in what will be committed)

	../.CFUserTextEncoding
	../.DS_Store
	../.Trash/
	../.bash_history
	../.bash_profile
	../.bash_sessions/
	../.bashrc
	../.bundle/
	../.config/
	../.gem/
	../.gitconfig
	../.lesshst
	../.mkshrc
	../.netrc
	../.profile
	../.rvm/
	../.ssh/
	../.subversion/
	../.viminfo
	../.zlogin
	../.zshrc
	../Applications/
	../Creative Cloud Files/
	../Desktop/
	../Documents/
	../Downloads/
	../Library/
	../Movies/
	../Music/
	../Pictures/
	../Public/
	./
	../git_test/
	../railsbridge/
	../the_odin_project/

nothing added to commit but untracked files present (use "git add" to track)
Erikpreets-MacBook-Pro:Taylor xb$ echo "# taylor" >> README.md
Erikpreets-MacBook-Pro:Taylor xb$ git init
Initialized empty Git repository in /Users/xb/Taylor/.git/
Erikpreets-MacBook-Pro:Taylor xb$ git add README.md
Erikpreets-MacBook-Pro:Taylor xb$ git commit -m "first commit"
[master (root-commit) b648ac5] first commit
 1 file changed, 1 insertion(+)
 create mode 100644 README.md
Erikpreets-MacBook-Pro:Taylor xb$ git remote add origin https://github.com/erikpreet/taylor.git
Erikpreets-MacBook-Pro:Taylor xb$ git push -u origin master
Counting objects: 3, done.
Writing objects: 100% (3/3), 223 bytes | 0 bytes/s, done.
Total 3 (delta 0), reused 0 (delta 0)
To https://github.com/erikpreet/taylor.git
 * [new branch]      master -> master
Branch master set up to track remote branch master from origin.
Erikpreets-MacBook-Pro:Taylor xb$ git status
On branch master
Your branch is up-to-date with 'origin/master'.
Untracked files:
  (use "git add <file>..." to include in what will be committed)

	.DS_Store
	Taylor HTML/

nothing added to commit but untracked files present (use "git add" to track)
Erikpreets-MacBook-Pro:Taylor xb$ git add Taylor HTML
fatal: pathspec 'Taylor' did not match any files
Erikpreets-MacBook-Pro:Taylor xb$ Git add
Nothing specified, nothing added.
Maybe you wanted to say 'git add .'?
Erikpreets-MacBook-Pro:Taylor xb$ git commit
On branch master
Your branch is up-to-date with 'origin/master'.
Untracked files:
	.DS_Store
	Taylor HTML/

nothing added to commit but untracked files present
Erikpreets-MacBook-Pro:Taylor xb$ git push
Everything up-to-date
Erikpreets-MacBook-Pro:Taylor xb$ git staus
git: 'staus' is not a git command. See 'git --help'.

Did you mean this?
	status
Erikpreets-MacBook-Pro:Taylor xb$ git status
On branch master
Your branch is up-to-date with 'origin/master'.
Untracked files:
  (use "git add <file>..." to include in what will be committed)

	.DS_Store
	Taylor HTML/

nothing added to commit but untracked files present (use "git add" to track)
Erikpreets-MacBook-Pro:Taylor xb$ git push -u origin master
Branch master set up to track remote branch master from origin.
Everything up-to-date
Erikpreets-MacBook-Pro:Taylor xb$ git stus
git: 'stus' is not a git command. See 'git --help'.

Did you mean this?
	status
Erikpreets-MacBook-Pro:Taylor xb$ git status
On branch master
Your branch is up-to-date with 'origin/master'.
Untracked files:
  (use "git add <file>..." to include in what will be committed)

	.DS_Store
	Taylor HTML/

nothing added to commit but untracked files present (use "git add" to track)
Erikpreets-MacBook-Pro:Taylor xb$ git commit -m
error: switch `m' requires a value
usage: git commit [<options>] [--] <pathspec>...

    -q, --quiet           suppress summary after successful commit
    -v, --verbose         show diff in commit message template

Commit message options
    -F, --file <file>     read message from file
    --author <author>     override author for commit
    --date <date>         override date for commit
    -m, --message <message>
                          commit message
    -c, --reedit-message <commit>
                          reuse and edit message from specified commit
    -C, --reuse-message <commit>
                          reuse message from specified commit
    --fixup <commit>      use autosquash formatted message to fixup specified commit
    --squash <commit>     use autosquash formatted message to squash specified commit
    --reset-author        the commit is authored by me now (used with -C/-c/--amend)
    -s, --signoff         add Signed-off-by:
    -t, --template <file>
                          use specified template file
    -e, --edit            force edit of commit
    --cleanup <default>   how to strip spaces and #comments from message
    --status              include status in commit message template
    -S, --gpg-sign[=<key-id>]
                          GPG sign commit

Commit contents options
    -a, --all             commit all changed files
    -i, --include         add specified files to index for commit
    --interactive         interactively add files
    -p, --patch           interactively add changes
    -o, --only            commit only specified files
    -n, --no-verify       bypass pre-commit and commit-msg hooks
    --dry-run             show what would be committed
    --short               show status concisely
    --branch              show branch information
    --porcelain           machine-readable output
    --long                show status in long format (default)
    -z, --null            terminate entries with NUL
    --amend               amend previous commit
    --no-post-rewrite     bypass post-rewrite hook
    -u, --untracked-files[=<mode>]
                          show untracked files, optional modes: all, normal, no. (Default: all)

Erikpreets-MacBook-Pro:Taylor xb$ git commit -a
On branch master
Your branch is up-to-date with 'origin/master'.
Untracked files:
	.DS_Store
	Taylor HTML/

nothing added to commit but untracked files present
Erikpreets-MacBook-Pro:Taylor xb$ git add - Taylor HTML
fatal: pathspec '-' did not match any files
Erikpreets-MacBook-Pro:Taylor xb$ git add TaylorHTML
fatal: pathspec 'TaylorHTML' did not match any files
Erikpreets-MacBook-Pro:Taylor xb$ git add Taylor HTML
fatal: pathspec 'Taylor' did not match any files
Erikpreets-MacBook-Pro:Taylor xb$ git remote add origin remote repository URL
usage: git remote add [<options>] <name> <url>

    -f, --fetch           fetch the remote branches
    --tags                import all tags and associated objects when fetching
                          or do not fetch any tag at all (--no-tags)
    -t, --track <branch>  branch(es) to track
    -m, --master <branch>
                          master branch
    --mirror[=<push|fetch>]
                          set up remote as a mirror to push to or fetch from

Erikpreets-MacBook-Pro:Taylor xb$ git remote add origin remote repository URL
usage: git remote add [<options>] <name> <url>

    -f, --fetch           fetch the remote branches
    --tags                import all tags and associated objects when fetching
                          or do not fetch any tag at all (--no-tags)
    -t, --track <branch>  branch(es) to track
    -m, --master <branch>
                          master branch
    --mirror[=<push|fetch>]
                          set up remote as a mirror to push to or fetch from

Erikpreets-MacBook-Pro:Taylor xb$ git commit -m "First commit"
On branch master
Your branch is up-to-date with 'origin/master'.
Untracked files:
	.DS_Store
	Taylor HTML/

nothing added to commit but untracked files present
Erikpreets-MacBook-Pro:Taylor xb$ git commit Taylor HTML/
error: pathspec 'Taylor' did not match any file(s) known to git.
error: pathspec 'HTML/' did not match any file(s) known to git.
Erikpreets-MacBook-Pro:Taylor xb$ Taylor HTML/
-bash: Taylor: command not found
Erikpreets-MacBook-Pro:Taylor xb$ git add Taylor HTML/
fatal: pathspec 'Taylor' did not match any files
Erikpreets-MacBook-Pro:Taylor xb$ git add <Taylor HTML>/*
-bash: Taylor: No such file or directory
Erikpreets-MacBook-Pro:Taylor xb$ git add <Taylor HTML/>*
-bash: Taylor: No such file or directory
Erikpreets-MacBook-Pro:Taylor xb$ git add index
git status

Erikpreets-MacBook-Pro:Taylor xb$ git status
On branch master
Your branch is up-to-date with 'origin/master'.
Changes to be committed:
  (use "git reset HEAD <file>..." to unstage)

	new file:   index/.DS_Store
	new file:   index/Index.html
	new file:   index/Taylor Japan (1 of 1).jpg
	new file:   index/Taylor Japan HTML (1 of 35).jpg
	new file:   index/Taylor Japan HTML (10 of 35).jpg
	new file:   index/Taylor Japan HTML (11 of 35).jpg
	new file:   index/Taylor Japan HTML (12 of 35).jpg
	new file:   index/Taylor Japan HTML (13 of 35).jpg
	new file:   index/Taylor Japan HTML (14 of 35).jpg
	new file:   index/Taylor Japan HTML (15 of 35).jpg
	new file:   index/Taylor Japan HTML (16 of 35).jpg
	new file:   index/Taylor Japan HTML (17 of 35).jpg
	new file:   index/Taylor Japan HTML (18 of 35).jpg
	new file:   index/Taylor Japan HTML (19 of 35).jpg
	new file:   index/Taylor Japan HTML (2 of 35).jpg
	new file:   index/Taylor Japan HTML (20 of 35).jpg
	new file:   index/Taylor Japan HTML (21 of 35).jpg
	new file:   index/Taylor Japan HTML (22 of 35).jpg
	new file:   index/Taylor Japan HTML (23 of 35).jpg
	new file:   index/Taylor Japan HTML (24 of 35).jpg
	new file:   index/Taylor Japan HTML (25 of 35).jpg
	new file:   index/Taylor Japan HTML (26 of 35).jpg
	new file:   index/Taylor Japan HTML (27 of 35).jpg
	new file:   index/Taylor Japan HTML (28 of 35).jpg
	new file:   index/Taylor Japan HTML (29 of 35).jpg
	new file:   index/Taylor Japan HTML (3 of 35).jpg
	new file:   index/Taylor Japan HTML (30 of 35).jpg
	new file:   index/Taylor Japan HTML (31 of 35).jpg
	new file:   index/Taylor Japan HTML (32 of 35).jpg
	new file:   index/Taylor Japan HTML (33 of 35).jpg
	new file:   index/Taylor Japan HTML (34 of 35).jpg
	new file:   index/Taylor Japan HTML (35 of 35).jpg
	new file:   index/Taylor Japan HTML (4 of 35).jpg
	new file:   index/Taylor Japan HTML (5 of 35).jpg
	new file:   index/Taylor Japan HTML (6 of 35).jpg
	new file:   index/Taylor Japan HTML (7 of 35).jpg
	new file:   index/Taylor Japan HTML (8 of 35).jpg
	new file:   index/Taylor Japan HTML (9 of 35).jpg
	new file:   index/style.css

Untracked files:
  (use "git add <file>..." to include in what will be committed)

	.DS_Store

Erikpreets-MacBook-Pro:Taylor xb$ 
Erikpreets-MacBook-Pro:Taylor xb$ git commit

#       new file:   index/Taylor Japan HTML (27 of 35).jpg
#       new file:   index/Taylor Japan HTML (28 of 35).jpg
#       new file:   index/Taylor Japan HTML (29 of 35).jpg
#       new file:   index/Taylor Japan HTML (3 of 35).jpg
#       new file:   index/Taylor Japan HTML (30 of 35).jpg
#       new file:   index/Taylor Japan HTML (31 of 35).jpg
#       new file:   index/Taylor Japan HTML (32 of 35).jpg
#       new file:   index/Taylor Japan HTML (33 of 35).jpg
#       new file:   index/Taylor Japan HTML (34 of 35).jpg
#       new file:   index/Taylor Japan HTML (35 of 35).jpg
#       new file:   index/Taylor Japan HTML (4 of 35).jpg
#       new file:   index/Taylor Japan HTML (5 of 35).jpg
#       new file:   index/Taylor Japan HTML (6 of 35).jpg
#       new file:   index/Taylor Japan HTML (7 of 35).jpg
#       new file:   index/Taylor Japan HTML (8 of 35).jpg
#       new file:   index/Taylor Japan HTML (9 of 35).jpg
#       new file:   index/style.css
#
# Untracked files:
#       .DS_Store
#git
fjfjf

-- INSERT --
